
Running 1 test using 1 worker

[1A[2K[1/1] [chromium] ΓÇ║ tests\pixel-perfect.spec.ts:4:9 ΓÇ║ Pixel Perfect Visual Regression ΓÇ║ Landing page matches reference layout precisely
[1A[2K  1) [chromium] ΓÇ║ tests\pixel-perfect.spec.ts:4:9 ΓÇ║ Pixel Perfect Visual Regression ΓÇ║ Landing page matches reference layout precisely 

    Error: [2mexpect([22m[31mpage[39m[2m).[22mtoHaveScreenshot[2m([22m[32mexpected[39m[2m)[22m failed

      Expected an image 280px by 1024px, received 1440px by 900px. 235959 pixels (ratio 0.17 of all image pixels) are different.

      Snapshot: landing-page-1440.png

    Call log:
    [2m  - Expect "toHaveScreenshot(landing-page-1440.png)" with timeout 5000ms[22m
    [2m    - verifying given screenshot expectation[22m
    [2m  - taking page screenshot[22m
    [2m    - disabled all CSS animations[22m
    [2m  - waiting for fonts to load...[22m
    [2m  - fonts loaded[22m
    [2m  - Expected an image 280px by 1024px, received 1440px by 900px. 235959 pixels (ratio 0.17 of all image pixels) are different.[22m
    [2m  - waiting 100ms before taking screenshot[22m
    [2m  - taking page screenshot[22m
    [2m    - disabled all CSS animations[22m
    [2m  - waiting for fonts to load...[22m
    [2m  - fonts loaded[22m
    [2m  - captured a stable screenshot[22m
    [2m  - Expected an image 280px by 1024px, received 1440px by 900px. 235959 pixels (ratio 0.17 of all image pixels) are different.[22m


      14 |         // Note: To capture the scrolling context perfectly against reference, 
      15 |         // we take a full page screenshot.
    > 16 |         await expect(page).toHaveScreenshot('landing-page-1440.png', {
         |                            ^
      17 |             fullPage: true,
      18 |             maxDiffPixels: 1500,     // Allow a small threshold initially for font rendering OS differences
      19 |             threshold: 0.1           // Sensitivity threshold
        at C:\Users\victo\Projects\Suelen\tests\pixel-perfect.spec.ts:16:28

    attachment #1: landing-page-1440 (image/png) ΓöÇΓöÇΓöÇΓöÇΓöÇΓöÇΓöÇΓöÇΓöÇΓöÇΓöÇΓöÇΓöÇΓöÇΓöÇΓöÇΓöÇΓöÇΓöÇΓöÇΓöÇΓöÇΓöÇΓöÇΓöÇΓöÇΓöÇΓöÇΓöÇΓöÇΓöÇΓöÇΓöÇΓöÇΓöÇΓöÇΓöÇΓöÇΓöÇΓöÇΓöÇΓöÇΓöÇΓöÇΓöÇΓöÇΓöÇΓöÇΓöÇΓöÇΓöÇ
    Expected: tests\pixel-perfect.spec.ts-snapshots\landing-page-1440-chromium-win32.png
    Received: test-results\pixel-perfect-Pixel-Perfec-986ac--reference-layout-precisely-chromium\landing-page-1440-actual.png
    Diff:     test-results\pixel-perfect-Pixel-Perfec-986ac--reference-layout-precisely-chromium\landing-page-1440-diff.png
    ΓöÇΓöÇΓöÇΓöÇΓöÇΓöÇΓöÇΓöÇΓöÇΓöÇΓöÇΓöÇΓöÇΓöÇΓöÇΓöÇΓöÇΓöÇΓöÇΓöÇΓöÇΓöÇΓöÇΓöÇΓöÇΓöÇΓöÇΓöÇΓöÇΓöÇΓöÇΓöÇΓöÇΓöÇΓöÇΓöÇΓöÇΓöÇΓöÇΓöÇΓöÇΓöÇΓöÇΓöÇΓöÇΓöÇΓöÇΓöÇΓöÇΓöÇΓöÇΓöÇΓöÇΓöÇΓöÇΓöÇΓöÇΓöÇΓöÇΓöÇΓöÇΓöÇΓöÇΓöÇΓöÇΓöÇΓöÇΓöÇΓöÇΓöÇΓöÇΓöÇΓöÇΓöÇΓöÇΓöÇΓöÇΓöÇΓöÇΓöÇΓöÇΓöÇΓöÇΓöÇΓöÇΓöÇΓöÇΓöÇΓöÇΓöÇΓöÇΓöÇΓöÇΓöÇΓöÇΓöÇ

    Error Context: test-results\pixel-perfect-Pixel-Perfec-986ac--reference-layout-precisely-chromium\error-context.md


[1A[2K  1 failed
    [chromium] ΓÇ║ tests\pixel-perfect.spec.ts:4:9 ΓÇ║ Pixel Perfect Visual Regression ΓÇ║ Landing page matches reference layout precisely 

[36m  Serving HTML report at http://localhost:9323. Press Ctrl+C to quit.[39m
